
========== Test 1 [ Empty stack ]

========== Test 2 [ push/pop ]

========== Test 3 [ push/pop an empty string ]

========== Test 4 [ pop call stack too many times ]
test.call_stack.mk:52: Call stack popped too many times!

========== Test 5 [ top ]
